
> my-app@0.1.0 build
> next build

   Ôû▓ Next.js 15.0.3
   - Environments: .env

   Creating an optimized production build ...
 Ô£ô Compiled successfully
   Linting and checking validity of types ...
node.exe : 
At line:1 char:1
+ & "C:\Program 
Files\nodejs/node.exe" 
"C:\Program 
Files\nodejs/node_mo ...
+ ~~~~~~~~~~~~~~~~~~~~~~~~~~~~~~
~~~~~~~~~~~~~~~~~~~~~~~~~~~~~~~~
~~~~~~~
    + CategoryInfo          : N 
   otSpecified: (:String) [],   
  RemoteException
    + FullyQualifiedErrorId : N 
   ativeCommandError
 
Failed to compile.

./app/api/projects/route.ts
29:14  Error: 'error' is 
defined but never used.  @typesc
ript-eslint/no-unused-vars

./app/api/register/route.ts
36:27  Error: '_' is assigned a 
value but never used.  @typescri
pt-eslint/no-unused-vars

./app/login/page.tsx
7:31  Error: 'ChevronRight' is 
defined but never used.  @typesc
ript-eslint/no-unused-vars
8:10  Error: 'cn' is defined 
but never used.  @typescript-esl
int/no-unused-vars
34:18  Error: 'err' is defined 
but never used.  @typescript-esl
int/no-unused-vars
34:23  Error: Unexpected any. 
Specify a different type.  @type
script-eslint/no-explicit-any
124:32  Error: `'` can be 
escaped with `&apos;`, 
`&lsquo;`, `&#39;`, `&rsquo;`.  
react/no-unescaped-entities

./app/page.tsx
2:22  Error: 'PenTool' is 
defined but never used.  @typesc
ript-eslint/no-unused-vars
2:31  Error: 'Code' is defined 
but never used.  @typescript-esl
int/no-unused-vars
2:37  Error: 'Globe' is defined 
but never used.  @typescript-esl
int/no-unused-vars
94:47  Error: `"` can be 
escaped with `&quot;`, 
`&ldquo;`, `&#34;`, `&rdquo;`.  
react/no-unescaped-entities
94:56  Error: `"` can be 
escaped with `&quot;`, 
`&ldquo;`, `&#34;`, `&rdquo;`.  
react/no-unescaped-entities
94:62  Error: `"` can be 
escaped with `&quot;`, 
`&ldquo;`, `&#34;`, `&rdquo;`.  
react/no-unescaped-entities
94:72  Error: `"` can be 
escaped with `&quot;`, 
`&ldquo;`, `&#34;`, `&rdquo;`.  
react/no-unescaped-entities

./app/preview/page.tsx
67:92  Error: `'` can be 
escaped with `&apos;`, 
`&lsquo;`, `&#39;`, `&rsquo;`.  
react/no-unescaped-entities

./app/project/new/page.tsx
5:10  Error: 'createProject' is 
defined but never used.  @typesc
ript-eslint/no-unused-vars

./app/project/[id]/page.tsx
26:64  Error: Unexpected any. 
Specify a different type.  @type
script-eslint/no-explicit-any
44:54  Error: Unexpected any. 
Specify a different type.  @type
script-eslint/no-explicit-any
45:35  Error: Unexpected any. 
Specify a different type.  @type
script-eslint/no-explicit-any
74:42  Error: Unexpected any. 
Specify a different type.  @type
script-eslint/no-explicit-any
292:66  Error: Unexpected any. 
Specify a different type.  @type
script-eslint/no-explicit-any
299:66  Error: Unexpected any. 
Specify a different type.  @type
script-eslint/no-explicit-any
390:45  Error: Use 
"@ts-expect-error" instead of 
"@ts-ignore", as "@ts-ignore" 
will do nothing if the 
following line is error-free.  @
typescript-eslint/ban-ts-comment
404:76  Error: Unexpected any. 
Specify a different type.  @type
script-eslint/no-explicit-any
416:75  Error: Unexpected any. 
Specify a different type.  @type
script-eslint/no-explicit-any
426:62  Error: 'e' is defined 
but never used.  @typescript-esl
int/no-unused-vars
585:86  Error: Unexpected any. 
Specify a different type.  @type
script-eslint/no-explicit-any
627:119  Error: Unexpected any. 
Specify a different type.  @type
script-eslint/no-explicit-any

./app/signup/page.tsx
6:37  Error: 'Sparkles' is 
defined but never used.  @typesc
ript-eslint/no-unused-vars
6:47  Error: 'ChevronRight' is 
defined but never used.  @typesc
ript-eslint/no-unused-vars
7:10  Error: 'cn' is defined 
but never used.  @typescript-esl
int/no-unused-vars
36:23  Error: Unexpected any. 
Specify a different type.  @type
script-eslint/no-explicit-any

./components/editor/CanvasBoard.
tsx
9:20  Error: Unexpected any. 
Specify a different type.  @type
script-eslint/no-explicit-any
10:19  Error: Unexpected any. 
Specify a different type.  @type
script-eslint/no-explicit-any
14:26  Error: Unexpected any. 
Specify a different type.  @type
script-eslint/no-explicit-any
17:30  Error: Unexpected any. 
Specify a different type.  @type
script-eslint/no-explicit-any
64:30  Error: Unexpected any. 
Specify a different type.  @type
script-eslint/no-explicit-any
100:60  Error: Unexpected any. 
Specify a different type.  @type
script-eslint/no-explicit-any

./components/editor/ChatSidebar.
tsx
4:24  Error: 'User' is defined 
but never used.  @typescript-esl
int/no-unused-vars
26:35  Error: Unexpected any. 
Specify a different type.  @type
script-eslint/no-explicit-any
47:9  Error: Use 
"@ts-expect-error" instead of 
"@ts-ignore", as "@ts-ignore" 
will do nothing if the 
following line is error-free.  @
typescript-eslint/ban-ts-comment
59:40  Error: Unexpected any. 
Specify a different type.  @type
script-eslint/no-explicit-any

./lib/ai-generator.ts
7:15  Error: Unexpected any. 
Specify a different type.  @type
script-eslint/no-explicit-any
10:20  Error: Unexpected any. 
Specify a different type.  @type
script-eslint/no-explicit-any
11:21  Error: Unexpected any. 
Specify a different type.  @type
script-eslint/no-explicit-any
55:41  Error: Unexpected any. 
Specify a different type.  @type
script-eslint/no-explicit-any

info  - Need to disable some 
ESLint rules? Learn more here: h
ttps://nextjs.org/docs/app/build
ing-your-application/configuring
/eslint#disabling-rules
